<?xml version="1.0" encoding="UTF-8"?>
<testsuites>
  <testsuite name="Tests\Feature\ItemStoreApiTest" file="/home/hackerearth348/Downloads/CourseItemManagement (1)/CourseItemManagement/backend/tests/Feature/ItemStoreApiTest.php" tests="12" assertions="32" errors="0" failures="0" skipped="0" time="1.892103">
    <testcase name="testGetAllItems" file="/home/hackerearth348/Downloads/CourseItemManagement (1)/CourseItemManagement/backend/tests/Feature/ItemStoreApiTest.php" line="14" class="Tests\Feature\ItemStoreApiTest" classname="Tests.Feature.ItemStoreApiTest" assertions="2" time="1.417835"/>
    <testcase name="testCreateItem" file="/home/hackerearth348/Downloads/CourseItemManagement (1)/CourseItemManagement/backend/tests/Feature/ItemStoreApiTest.php" line="22" class="Tests\Feature\ItemStoreApiTest" classname="Tests.Feature.ItemStoreApiTest" assertions="3" time="0.061953"/>
    <testcase name="testGetItem" file="/home/hackerearth348/Downloads/CourseItemManagement (1)/CourseItemManagement/backend/tests/Feature/ItemStoreApiTest.php" line="37" class="Tests\Feature\ItemStoreApiTest" classname="Tests.Feature.ItemStoreApiTest" assertions="2" time="0.067229"/>
    <testcase name="testUpdateItem" file="/home/hackerearth348/Downloads/CourseItemManagement (1)/CourseItemManagement/backend/tests/Feature/ItemStoreApiTest.php" line="47" class="Tests\Feature\ItemStoreApiTest" classname="Tests.Feature.ItemStoreApiTest" assertions="3" time="0.040227"/>
    <testcase name="testDeleteItem" file="/home/hackerearth348/Downloads/CourseItemManagement (1)/CourseItemManagement/backend/tests/Feature/ItemStoreApiTest.php" line="62" class="Tests\Feature\ItemStoreApiTest" classname="Tests.Feature.ItemStoreApiTest" assertions="3" time="0.038124"/>
    <testcase name="testAddStoreToItem" file="/home/hackerearth348/Downloads/CourseItemManagement (1)/CourseItemManagement/backend/tests/Feature/ItemStoreApiTest.php" line="74" class="Tests\Feature\ItemStoreApiTest" classname="Tests.Feature.ItemStoreApiTest" assertions="3" time="0.049203"/>
    <testcase name="testRemoveStoreFromItem" file="/home/hackerearth348/Downloads/CourseItemManagement (1)/CourseItemManagement/backend/tests/Feature/ItemStoreApiTest.php" line="90" class="Tests\Feature\ItemStoreApiTest" classname="Tests.Feature.ItemStoreApiTest" assertions="3" time="0.039783"/>
    <testcase name="testGetAllStores" file="/home/hackerearth348/Downloads/CourseItemManagement (1)/CourseItemManagement/backend/tests/Feature/ItemStoreApiTest.php" line="108" class="Tests\Feature\ItemStoreApiTest" classname="Tests.Feature.ItemStoreApiTest" assertions="2" time="0.033336"/>
    <testcase name="testCreateStore" file="/home/hackerearth348/Downloads/CourseItemManagement (1)/CourseItemManagement/backend/tests/Feature/ItemStoreApiTest.php" line="116" class="Tests\Feature\ItemStoreApiTest" classname="Tests.Feature.ItemStoreApiTest" assertions="3" time="0.035977"/>
    <testcase name="testGetStore" file="/home/hackerearth348/Downloads/CourseItemManagement (1)/CourseItemManagement/backend/tests/Feature/ItemStoreApiTest.php" line="128" class="Tests\Feature\ItemStoreApiTest" classname="Tests.Feature.ItemStoreApiTest" assertions="2" time="0.035602"/>
    <testcase name="testUpdateStore" file="/home/hackerearth348/Downloads/CourseItemManagement (1)/CourseItemManagement/backend/tests/Feature/ItemStoreApiTest.php" line="138" class="Tests\Feature\ItemStoreApiTest" classname="Tests.Feature.ItemStoreApiTest" assertions="3" time="0.037074"/>
    <testcase name="testDeleteStore" file="/home/hackerearth348/Downloads/CourseItemManagement (1)/CourseItemManagement/backend/tests/Feature/ItemStoreApiTest.php" line="152" class="Tests\Feature\ItemStoreApiTest" classname="Tests.Feature.ItemStoreApiTest" assertions="3" time="0.035760"/>
  </testsuite>
</testsuites>
